Fri May 15 19:57:07 2026 |  Roguelike Engine Started 
Fri May 15 19:57:07 2026 | Карта загружена: 11x10
Fri May 15 19:57:07 2026 | Игрок загружен: Hero
Fri May 15 19:57:07 2026 | Загружено врагов: 1
Fri May 15 19:57:07 2026 | Загружено предметов: 1
Fri May 15 19:57:17 2026 | Путь заблокирован
Fri May 15 19:57:18 2026 | Путь заблокирован
Fri May 15 19:57:18 2026 | Hero переместился на (2, 1)
Fri May 15 19:57:19 2026 | Hero переместился на (1, 1)
Fri May 15 19:57:19 2026 | Hero переместился на (2, 1)
Fri May 15 19:57:20 2026 | Hero переместился на (3, 1)
Fri May 15 19:57:20 2026 | Hero переместился на (4, 1)
Fri May 15 19:57:20 2026 | Hero переместился на (5, 1)
Fri May 15 19:57:21 2026 | Hero переместился на (6, 1)
Fri May 15 19:57:21 2026 | Hero переместился на (6, 2)
Fri May 15 19:57:22 2026 | Hero переместился на (6, 3)
Fri May 15 19:57:22 2026 | Hero переместился на (6, 4)
Fri May 15 19:57:23 2026 | Hero переместился на (5, 4)
Fri May 15 19:57:23 2026 | Hero переместился на (5, 3)
Fri May 15 19:57:26 2026 | Hero переместился на (4, 3)
Fri May 15 19:57:27 2026 | Hero переместился на (4, 4)
Fri May 15 19:57:29 2026 | Hero переместился на (5, 4)
Fri May 15 19:57:30 2026 | Hero переместился на (5, 3)
Fri May 15 19:57:43 2026 | Hero переместился на (5, 2)
Fri May 15 19:57:44 2026 | Hero переместился на (5, 1)
Fri May 15 19:57:46 2026 | Hero переместился на (6, 1)
Fri May 15 19:57:48 2026 | Hero переместился на (5, 1)
Fri May 15 19:57:49 2026 | Hero переместился на (4, 1)
Fri May 15 19:57:49 2026 | Hero переместился на (3, 1)
Fri May 15 19:57:49 2026 | Hero переместился на (3, 2)
Fri May 15 19:57:50 2026 | Hero переместился на (2, 2)
Fri May 15 19:57:50 2026 | Hero переместился на (3, 2)
Fri May 15 19:57:51 2026 | Hero переместился на (4, 2)
Fri May 15 19:57:51 2026 | Hero переместился на (4, 3)
Fri May 15 19:57:52 2026 | Hero переместился на (4, 4)
Fri May 15 19:57:52 2026 | Hero переместился на (3, 4)
Fri May 15 19:57:53 2026 | Hero переместился на (4, 4)
Fri May 15 19:57:54 2026 | Hero переместился на (5, 4)
Fri May 15 19:57:54 2026 | Hero переместился на (5, 3)
Fri May 15 19:57:55 2026 | Hero переместился на (5, 4)
Fri May 15 19:57:56 2026 | Hero переместился на (5, 5)
Fri May 15 19:58:05 2026 | Hero переместился на (4, 5)
Fri May 15 19:58:05 2026 | Hero переместился на (4, 4)
Fri May 15 19:58:05 2026 | Hero переместился на (4, 5)
Fri May 15 19:58:06 2026 | Hero переместился на (4, 6)
Fri May 15 19:58:06 2026 | Hero переместился на (4, 7)
Fri May 15 19:58:07 2026 | Hero переместился на (3, 7)
Fri May 15 19:58:07 2026 | Hero переместился на (4, 7)
Fri May 15 19:58:08 2026 | Hero переместился на (4, 8)
Fri May 15 19:58:08 2026 | Hero переместился на (4, 7)
Fri May 15 20:01:09 2026 | Hero переместился на (4, 6)
Fri May 15 20:01:09 2026 | Hero переместился на (3, 6)
Fri May 15 20:01:10 2026 | Hero переместился на (4, 6)
Fri May 15 20:01:10 2026 | Hero переместился на (5, 6)
Fri May 15 20:01:10 2026 | Hero переместился на (6, 6)
Fri May 15 20:01:11 2026 | Hero переместился на (7, 6)
Fri May 15 20:01:11 2026 | Hero переместился на (8, 6)
Fri May 15 20:01:12 2026 | Hero переместился на (8, 7)
Fri May 15 20:01:12 2026 | Hero переместился на (8, 8)
Fri May 15 20:01:13 2026 | Hero переместился на (7, 8)
Fri May 15 20:01:13 2026 | Hero переместился на (6, 8)
Fri May 15 20:01:15 2026 | === Roguelike Engine Stopped ===
Fri May 15 21:24:13 2026 |  Roguelike Engine Started 
Fri May 15 21:24:13 2026 | Карта загружена: 11x10
Fri May 15 21:24:13 2026 | Игрок загружен: Hero
Fri May 15 21:24:13 2026 | Загружено шаблонов врагов: 1
Fri May 15 21:24:13 2026 | Загружено шаблонов предметов: 1
Fri May 15 21:24:19 2026 | Путь заблокирован
Fri May 15 21:24:19 2026 | Путь заблокирован
Fri May 15 21:24:20 2026 | Путь заблокирован
Fri May 15 21:24:21 2026 | Путь заблокирован
Fri May 15 21:24:21 2026 | Hero переместился на (2, 1)
Fri May 15 21:24:21 2026 | Hero переместился на (3, 1)
Fri May 15 21:24:22 2026 | Hero переместился на (4, 1)
Fri May 15 21:24:22 2026 | Hero переместился на (5, 1)
Fri May 15 21:24:22 2026 | Hero переместился на (6, 1)
Fri May 15 21:24:23 2026 | Hero переместился на (6, 2)
Fri May 15 21:24:23 2026 | Hero переместился на (5, 2)
Fri May 15 21:24:23 2026 | Hero переместился на (4, 2)
Fri May 15 21:24:24 2026 | Hero переместился на (3, 2)
Fri May 15 21:24:26 2026 | Hero переместился на (4, 2)
Fri May 15 21:24:40 2026 | === Roguelike Engine Stopped ===
Fri May 15 21:25:47 2026 |  Roguelike Engine Started 
Fri May 15 21:25:47 2026 | Карта загружена: 11x10
Fri May 15 21:25:47 2026 | Игрок загружен: Hero
Fri May 15 21:25:47 2026 | Загружено шаблонов врагов: 1
Fri May 15 21:25:47 2026 | Загружено шаблонов предметов: 1
Fri May 15 21:25:50 2026 | Путь заблокирован
Fri May 15 21:25:51 2026 | Путь заблокирован
Fri May 15 21:25:51 2026 | Hero переместился на (2, 1)
Fri May 15 21:25:55 2026 | Hero переместился на (3, 1)
Fri May 15 21:25:55 2026 | Hero переместился на (4, 1)
Fri May 15 21:25:55 2026 | Hero переместился на (5, 1)
Fri May 15 21:25:56 2026 | Hero переместился на (6, 1)
Fri May 15 21:25:56 2026 | Hero переместился на (6, 2)
Fri May 15 21:25:56 2026 | Hero переместился на (6, 3)
Fri May 15 21:25:57 2026 | Hero переместился на (5, 3)
Fri May 15 21:25:57 2026 | Hero переместился на (4, 3)
Fri May 15 21:25:58 2026 | Hero переместился на (4, 4)
Fri May 15 21:25:58 2026 | Hero переместился на (5, 4)
Fri May 15 21:25:58 2026 | Hero переместился на (6, 4)
Fri May 15 21:26:02 2026 | Hero переместился на (5, 4)
Fri May 15 21:26:02 2026 | Hero переместился на (4, 4)
Fri May 15 21:26:03 2026 | Hero переместился на (5, 4)
Fri May 15 21:26:03 2026 | Hero переместился на (6, 4)
Fri May 15 21:26:07 2026 | Hero переместился на (6, 5)
Fri May 15 21:26:07 2026 | Hero переместился на (7, 5)
Fri May 15 21:26:08 2026 | Hero переместился на (8, 5)
Fri May 15 21:26:08 2026 | Hero переместился на (7, 5)
Fri May 15 21:26:09 2026 | Hero переместился на (7, 6)
Fri May 15 21:26:09 2026 | Hero переместился на (6, 6)
Fri May 15 21:26:10 2026 | Hero переместился на (6, 5)
Fri May 15 21:26:10 2026 | Hero переместился на (5, 5)
Fri May 15 21:26:11 2026 | Hero переместился на (4, 5)
Fri May 15 21:26:13 2026 | Hero переместился на (3, 5)
Fri May 15 21:26:14 2026 | Hero переместился на (4, 5)
Fri May 15 21:26:16 2026 | Hero переместился на (3, 5)
Fri May 15 21:26:16 2026 | Hero переместился на (4, 5)
Fri May 15 21:26:17 2026 | Hero переместился на (3, 5)
Fri May 15 21:26:17 2026 | Hero переместился на (4, 5)
Fri May 15 21:26:18 2026 | Hero переместился на (5, 5)
Fri May 15 21:26:22 2026 | Hero переместился на (5, 4)
Fri May 15 21:26:23 2026 | Hero переместился на (6, 4)
Fri May 15 21:26:24 2026 | Hero переместился на (7, 4)
Fri May 15 21:26:24 2026 | Hero переместился на (8, 4)
Fri May 15 21:26:24 2026 | Hero переместился на (9, 4)
Fri May 15 21:26:25 2026 | Hero переместился на (10, 4)
Fri May 15 21:26:25 2026 | Путь заблокирован
Fri May 15 21:26:26 2026 | Путь заблокирован
Fri May 15 21:26:26 2026 | Путь заблокирован
Fri May 15 21:26:26 2026 | Путь заблокирован
Fri May 15 21:26:27 2026 | Hero переместился на (9, 4)
Fri May 15 21:26:30 2026 | Hero переместился на (8, 4)
Fri May 15 21:26:31 2026 | Hero переместился на (7, 4)
Fri May 15 21:26:37 2026 | Hero переместился на (6, 4)
Fri May 15 21:26:38 2026 | Hero переместился на (5, 4)
Fri May 15 21:26:38 2026 | Hero переместился на (4, 4)
Fri May 15 21:26:38 2026 | Hero переместился на (5, 4)
Fri May 15 21:26:39 2026 | Hero переместился на (6, 4)
Fri May 15 21:26:39 2026 | Hero переместился на (5, 4)
Fri May 15 21:26:40 2026 | Hero переместился на (6, 4)
Fri May 15 21:26:47 2026 | Hero переместился на (7, 4)
Fri May 15 21:26:48 2026 | Hero переместился на (8, 4)
Fri May 15 21:26:49 2026 | Hero переместился на (9, 4)
Fri May 15 21:26:49 2026 | Hero переместился на (10, 4)
Fri May 15 21:26:50 2026 | Hero переместился на (9, 4)
Fri May 15 21:26:51 2026 | Hero переместился на (8, 4)
Fri May 15 21:26:51 2026 | Hero переместился на (7, 4)
Fri May 15 21:26:55 2026 | Hero переместился на (6, 4)
Fri May 15 21:26:58 2026 | Hero переместился на (5, 4)
Fri May 15 21:26:58 2026 | Hero переместился на (4, 4)
Fri May 15 21:26:59 2026 | Hero переместился на (5, 4)
Fri May 15 21:27:00 2026 | Hero переместился на (4, 4)
Fri May 15 21:27:00 2026 | Hero переместился на (3, 4)
Fri May 15 21:29:41 2026 | Hero переместился на (3, 3)
Fri May 15 21:29:41 2026 | Hero переместился на (3, 2)
Fri May 15 21:29:42 2026 | Hero переместился на (3, 3)
Fri May 15 21:29:43 2026 | Hero переместился на (4, 3)
Fri May 15 21:29:46 2026 | Hero переместился на (5, 3)
Fri May 15 21:29:47 2026 | Hero переместился на (6, 3)
Fri May 15 21:29:47 2026 | Hero переместился на (6, 4)
Fri May 15 21:29:57 2026 | Hero переместился на (6, 5)
Fri May 15 21:29:57 2026 | Hero переместился на (5, 5)
Fri May 15 21:29:58 2026 | Hero переместился на (4, 5)
Fri May 15 21:29:58 2026 | Hero переместился на (3, 5)
Fri May 15 21:29:59 2026 | Hero переместился на (2, 5)
Fri May 15 21:30:00 2026 | Hero переместился на (1, 5)
Fri May 15 21:30:00 2026 | Путь заблокирован
Fri May 15 21:30:01 2026 | Путь заблокирован
Fri May 15 21:30:02 2026 | Hero переместился на (2, 5)
Fri May 15 21:30:02 2026 | Hero переместился на (3, 5)
Fri May 15 21:30:03 2026 | Hero переместился на (4, 5)
Fri May 15 21:30:03 2026 | Hero переместился на (4, 4)
Fri May 15 21:30:03 2026 | Hero переместился на (4, 3)
Fri May 15 21:30:04 2026 | Hero переместился на (4, 2)
Fri May 15 21:30:04 2026 | Hero переместился на (4, 1)
Fri May 15 21:30:04 2026 | Hero переместился на (3, 1)
Fri May 15 21:30:05 2026 | Hero переместился на (2, 1)
Fri May 15 21:30:05 2026 | Hero переместился на (3, 1)
Fri May 15 21:30:05 2026 | Hero переместился на (3, 2)
Fri May 15 21:30:06 2026 | Hero переместился на (3, 3)
Fri May 15 21:30:06 2026 | Hero переместился на (3, 4)
Fri May 15 21:30:06 2026 | Hero переместился на (3, 5)
Fri May 15 21:30:06 2026 | Hero переместился на (3, 6)
Fri May 15 21:30:06 2026 | Hero переместился на (3, 7)
Fri May 15 21:30:06 2026 | Hero переместился на (4, 7)
Fri May 15 21:30:07 2026 | Hero переместился на (5, 7)
Fri May 15 21:30:07 2026 | Hero переместился на (6, 7)
Fri May 15 21:30:07 2026 | Hero переместился на (6, 6)
Fri May 15 21:30:07 2026 | Hero переместился на (6, 5)
Fri May 15 21:30:07 2026 | Hero переместился на (6, 4)
Fri May 15 21:30:08 2026 | Hero переместился на (6, 3)
Fri May 15 21:30:08 2026 | Hero переместился на (6, 2)
Fri May 15 21:30:09 2026 | Hero переместился на (6, 3)
Fri May 15 21:30:09 2026 | Hero переместился на (6, 2)
Fri May 15 21:30:09 2026 | Hero переместился на (6, 3)
Fri May 15 21:30:09 2026 | Hero переместился на (5, 3)
Fri May 15 21:30:10 2026 | Hero переместился на (5, 2)
Fri May 15 21:30:10 2026 | Hero переместился на (6, 2)
Fri May 15 21:30:10 2026 | Hero переместился на (6, 3)
Fri May 15 21:30:10 2026 | Hero переместился на (5, 3)
Fri May 15 21:30:10 2026 | Hero переместился на (5, 2)
Fri May 15 21:30:11 2026 | Hero переместился на (6, 2)
Fri May 15 21:30:11 2026 | Hero переместился на (6, 1)
Fri May 15 21:30:11 2026 | Hero переместился на (6, 2)
Fri May 15 21:30:11 2026 | Hero переместился на (5, 2)
Fri May 15 21:30:11 2026 | Hero переместился на (5, 3)
Fri May 15 21:30:12 2026 | Hero переместился на (6, 3)
Fri May 15 21:30:12 2026 | Hero переместился на (5, 3)
Fri May 15 21:30:12 2026 | Hero переместился на (5, 4)
Fri May 15 21:30:13 2026 | Hero переместился на (4, 4)
Fri May 15 21:30:13 2026 | Hero переместился на (4, 5)
Fri May 15 21:30:13 2026 | Hero переместился на (3, 5)
Fri May 15 21:30:14 2026 | Hero переместился на (2, 5)
Fri May 15 21:30:16 2026 | Hero переместился на (3, 5)
Fri May 15 21:30:16 2026 | Hero переместился на (4, 5)
Fri May 15 21:30:16 2026 | Hero переместился на (5, 5)
Fri May 15 21:30:17 2026 | Hero переместился на (6, 5)
Fri May 15 21:30:17 2026 | Hero переместился на (6, 6)
Fri May 15 21:30:17 2026 | Hero переместился на (6, 7)
Fri May 15 21:30:17 2026 | Hero переместился на (6, 8)
Fri May 15 21:30:18 2026 | Путь заблокирован
Fri May 15 21:30:18 2026 | Путь заблокирован
Fri May 15 21:30:18 2026 | Путь заблокирован
Fri May 15 21:30:19 2026 | Hero переместился на (6, 7)
Fri May 15 21:30:19 2026 | Hero переместился на (6, 6)
Fri May 15 21:30:19 2026 | Hero переместился на (6, 5)
Fri May 15 21:30:19 2026 | Hero переместился на (6, 4)
Fri May 15 21:30:20 2026 | Hero переместился на (6, 3)
Fri May 15 21:30:20 2026 | Hero переместился на (5, 3)
Fri May 15 21:30:20 2026 | Hero переместился на (5, 4)
Fri May 15 21:30:21 2026 | Hero переместился на (6, 4)
Fri May 15 21:32:38 2026 | === Roguelike Engine Stopped ===
Fri May 15 21:33:01 2026 |  Roguelike Engine Started 
Fri May 15 21:33:01 2026 | Карта загружена: 11x10
Fri May 15 21:33:01 2026 | Игрок загружен: Hero
Fri May 15 21:33:01 2026 | Загружено шаблонов врагов: 2
Fri May 15 21:33:01 2026 | Загружено шаблонов предметов: 2
Fri May 15 21:33:29 2026 | Hero переместился на (2, 1)
Fri May 15 21:33:30 2026 | Hero переместился на (3, 1)
Fri May 15 21:33:30 2026 | Hero переместился на (4, 1)
Fri May 15 21:33:31 2026 | Hero переместился на (5, 1)
Fri May 15 21:33:31 2026 | Hero переместился на (5, 2)
Fri May 15 21:33:32 2026 | Hero переместился на (6, 2)
Fri May 15 21:33:32 2026 | Hero переместился на (7, 2)
Fri May 15 21:33:33 2026 | Hero переместился на (7, 3)
Fri May 15 21:33:34 2026 | Hero переместился на (8, 3)
Fri May 15 21:33:34 2026 | Hero переместился на (8, 2)
Fri May 15 21:33:35 2026 | Hero переместился на (9, 2)
Fri May 15 21:33:35 2026 | Hero переместился на (10, 2)
Fri May 15 21:33:38 2026 | Hero переместился на (9, 2)
Fri May 15 21:33:39 2026 | Hero переместился на (8, 2)
Fri May 15 21:33:39 2026 | Hero переместился на (8, 3)
Fri May 15 21:33:40 2026 | Hero переместился на (8, 4)
Fri May 15 21:33:40 2026 | Hero переместился на (8, 5)
Fri May 15 21:33:41 2026 | Hero переместился на (8, 4)
Fri May 15 21:33:41 2026 | Hero переместился на (7, 4)
Fri May 15 21:33:41 2026 | Hero переместился на (6, 4)
Fri May 15 21:33:46 2026 | Hero переместился на (6, 5)
Fri May 15 21:33:47 2026 | Hero переместился на (6, 6)
Fri May 15 21:33:47 2026 | Hero переместился на (6, 7)
Fri May 15 21:33:47 2026 | Hero переместился на (7, 7)
Fri May 15 21:33:48 2026 | Hero переместился на (8, 7)
Fri May 15 21:33:48 2026 | Hero переместился на (9, 7)
Fri May 15 21:33:51 2026 | Hero переместился на (8, 7)
Fri May 15 21:33:51 2026 | Hero переместился на (7, 7)
Fri May 15 21:33:51 2026 | Hero переместился на (6, 7)
Fri May 15 21:33:51 2026 | Hero переместился на (5, 7)
Fri May 15 21:33:53 2026 | Hero переместился на (5, 6)
Fri May 15 21:33:53 2026 | Hero переместился на (5, 5)
Fri May 15 21:33:54 2026 | Hero переместился на (5, 4)
Fri May 15 21:33:54 2026 | Hero переместился на (4, 4)
Fri May 15 21:33:54 2026 | Hero переместился на (4, 5)
Fri May 15 21:33:55 2026 | Hero переместился на (3, 5)
Fri May 15 21:33:55 2026 | Hero переместился на (4, 5)
Fri May 15 21:33:56 2026 | Hero переместился на (3, 5)
Fri May 15 21:33:56 2026 | Hero переместился на (4, 5)
Fri May 15 21:33:56 2026 | Hero переместился на (3, 5)
Fri May 15 21:33:57 2026 | Hero переместился на (4, 5)
Fri May 15 21:33:57 2026 | Hero переместился на (3, 5)
Fri May 15 21:33:57 2026 | Hero переместился на (4, 5)
Fri May 15 21:33:58 2026 | Hero переместился на (3, 5)
Fri May 15 21:33:58 2026 | Hero переместился на (4, 5)
Fri May 15 21:33:59 2026 | Hero переместился на (3, 5)
Fri May 15 21:33:59 2026 | Hero переместился на (4, 5)
Fri May 15 21:33:59 2026 | Hero переместился на (5, 5)
Fri May 15 21:34:00 2026 | Hero переместился на (6, 5)
Fri May 15 21:37:12 2026 | === Roguelike Engine Stopped ===
Fri May 15 21:37:25 2026 |  Roguelike Engine Started 
Fri May 15 21:37:25 2026 | Карта загружена: 11x10
Fri May 15 21:37:25 2026 | Игрок загружен: Hero
Fri May 15 21:37:25 2026 | Загружено шаблонов врагов: 2
Fri May 15 21:37:25 2026 | Загружено шаблонов предметов: 2
Fri May 15 21:37:25 2026 | Враг размещён: Goblin на (10, 1)
Fri May 15 21:37:25 2026 | Предмет размещён: Зелье здоровья на (10, 2)
Fri May 15 21:37:25 2026 | Предмет размещён: Меч на (6, 4)
Fri May 15 21:37:25 2026 | Враг размещён: Orc на (3, 5)
Fri May 15 21:37:25 2026 | Расставлено врагов: 2, предметов: 2
Fri May 15 21:37:28 2026 | Hero переместился на (1, 2)
Fri May 15 21:37:29 2026 | Hero переместился на (1, 3)
Fri May 15 21:37:31 2026 | Hero переместился на (2, 3)
Fri May 15 21:37:32 2026 | Hero переместился на (3, 3)
Fri May 15 21:37:32 2026 | Hero переместился на (4, 3)
Fri May 15 21:37:32 2026 | Hero переместился на (5, 3)
Fri May 15 21:37:32 2026 | Hero переместился на (5, 4)
Fri May 15 21:37:34 2026 | Hero переместился на (6, 4)
Fri May 15 21:38:10 2026 | Hero переместился на (7, 4)
Fri May 15 21:38:11 2026 | Hero переместился на (8, 4)
Fri May 15 21:38:11 2026 | Hero переместился на (8, 5)
Fri May 15 21:38:12 2026 | Hero переместился на (8, 6)
Fri May 15 21:38:12 2026 | Hero переместился на (8, 7)
Fri May 15 21:38:12 2026 | Hero переместился на (9, 7)
Fri May 15 21:38:17 2026 | Hero переместился на (8, 7)
Fri May 15 21:38:18 2026 | Hero переместился на (8, 6)
Fri May 15 21:38:19 2026 | Hero переместился на (8, 7)
Fri May 15 21:38:20 2026 | Hero переместился на (9, 7)
Fri May 15 21:38:23 2026 | Hero переместился на (8, 7)
Fri May 15 21:38:24 2026 | Hero переместился на (8, 8)
Fri May 15 21:38:25 2026 | Hero переместился на (8, 7)
Fri May 15 21:38:26 2026 | Hero переместился на (9, 7)
Fri May 15 21:38:34 2026 | Hero переместился на (8, 7)
Fri May 15 21:38:34 2026 | Hero переместился на (7, 7)
Fri May 15 21:38:35 2026 | Hero переместился на (7, 6)
Fri May 15 21:38:35 2026 | Hero переместился на (7, 5)
Fri May 15 21:38:35 2026 | Hero переместился на (7, 4)
Fri May 15 21:38:36 2026 | Hero переместился на (7, 3)
Fri May 15 21:38:37 2026 | Hero переместился на (7, 4)
Fri May 15 21:38:37 2026 | Hero переместился на (6, 4)
Fri May 15 21:38:38 2026 | Подобран предмет: Меч
Fri May 15 21:38:38 2026 | Предмет поднят с (6, 4)
Fri May 15 21:38:45 2026 | Hero переместился на (5, 4)
Fri May 15 21:38:45 2026 | Hero переместился на (4, 4)
Fri May 15 21:38:46 2026 | Hero переместился на (5, 4)
Fri May 15 21:38:46 2026 | Hero переместился на (6, 4)
Fri May 15 21:38:47 2026 | Hero переместился на (6, 3)
Fri May 15 21:38:49 2026 | Hero переместился на (6, 4)
Fri May 15 21:39:01 2026 | Hero переместился на (6, 3)
Fri May 15 21:39:02 2026 | Hero переместился на (6, 4)
Fri May 15 21:39:02 2026 | Hero переместился на (6, 5)
Fri May 15 21:39:02 2026 | Hero переместился на (6, 6)
Fri May 15 21:39:02 2026 | Hero переместился на (6, 5)
Fri May 15 21:39:03 2026 | Hero переместился на (5, 5)
Fri May 15 21:39:03 2026 | Hero переместился на (4, 5)
Fri May 15 21:39:03 2026 | Orc получил 11 урона. HP: 39
Fri May 15 21:39:03 2026 | Hero атакует Orc на 15 урона
Fri May 15 21:39:04 2026 | Orc получил 11 урона. HP: 28
Fri May 15 21:39:04 2026 | Hero атакует Orc на 15 урона
Fri May 15 21:39:04 2026 | Orc получил 11 урона. HP: 17
Fri May 15 21:39:04 2026 | Hero атакует Orc на 15 урона
Fri May 15 21:39:04 2026 | Orc получил 11 урона. HP: 6
Fri May 15 21:39:04 2026 | Hero атакует Orc на 15 урона
Fri May 15 21:39:05 2026 | Orc получил 11 урона. HP: 0
Fri May 15 21:39:05 2026 | Hero атакует Orc на 15 урона
Fri May 15 21:39:05 2026 | Orc повержен!
Fri May 15 21:39:05 2026 | Враг удалён с (3, 5)
Fri May 15 21:39:05 2026 | Hero переместился на (3, 5)
Fri May 15 21:39:05 2026 | Hero переместился на (2, 5)
Fri May 15 21:39:07 2026 | Hero переместился на (3, 5)
Fri May 15 21:39:07 2026 | Hero переместился на (4, 5)
Fri May 15 21:39:07 2026 | Hero переместился на (5, 5)
Fri May 15 21:39:07 2026 | Hero переместился на (6, 5)
Fri May 15 21:39:08 2026 | Hero переместился на (6, 4)
Fri May 15 21:39:08 2026 | Hero переместился на (6, 3)
Fri May 15 21:39:09 2026 | Hero переместился на (6, 2)
Fri May 15 21:39:09 2026 | Hero переместился на (6, 3)
Fri May 15 21:39:10 2026 | Hero переместился на (6, 2)
Fri May 15 21:39:11 2026 | Hero переместился на (7, 2)
Fri May 15 21:39:18 2026 | Hero переместился на (7, 1)
Fri May 15 21:39:18 2026 | Hero переместился на (8, 1)
Fri May 15 21:39:20 2026 | Hero переместился на (8, 2)
Fri May 15 21:39:20 2026 | Hero переместился на (9, 2)
Fri May 15 21:39:21 2026 | Hero переместился на (10, 2)
Fri May 15 21:39:21 2026 | Подобран предмет: Зелье здоровья
Fri May 15 21:39:21 2026 | Предмет поднят с (10, 2)
Fri May 15 21:39:28 2026 | Hero переместился на (9, 2)
Fri May 15 21:39:29 2026 | Hero переместился на (9, 1)
Fri May 15 21:39:29 2026 | Goblin получил 13 урона. HP: 17
Fri May 15 21:39:29 2026 | Hero атакует Goblin на 15 урона
Fri May 15 21:39:30 2026 | Goblin получил 13 урона. HP: 4
Fri May 15 21:39:30 2026 | Hero атакует Goblin на 15 урона
Fri May 15 21:39:30 2026 | Goblin получил 13 урона. HP: 0
Fri May 15 21:39:30 2026 | Hero атакует Goblin на 15 урона
Fri May 15 21:39:30 2026 | Goblin повержен!
Fri May 15 21:39:30 2026 | Враг удалён с (10, 1)
Fri May 15 21:39:30 2026 | Hero переместился на (10, 1)
Fri May 15 21:39:31 2026 | Hero переместился на (9, 1)
Fri May 15 21:39:31 2026 | Hero переместился на (10, 1)
Fri May 15 21:39:32 2026 | Hero переместился на (10, 2)
Fri May 15 21:39:33 2026 |  Roguelike Engine Stopped 
Fri May 15 21:56:00 2026 |  Roguelike Engine Started 
Fri May 15 21:56:00 2026 | Карта загружена: 11x10
Fri May 15 21:56:00 2026 | Игрок загружен: Hero
Fri May 15 21:56:00 2026 | Загружено шаблонов врагов: 2
Fri May 15 21:56:00 2026 | Загружено шаблонов предметов: 2
Fri May 15 21:56:00 2026 | Враг размещён: Goblin на (10, 1)
Fri May 15 21:56:00 2026 | Предмет размещён: Зелье здоровья на (10, 2)
Fri May 15 21:56:00 2026 | Предмет размещён: Меч на (6, 4)
Fri May 15 21:56:00 2026 | Враг размещён: Orc на (3, 5)
Fri May 15 21:56:00 2026 | Расставлено врагов: 2, предметов: 2
Fri May 15 21:56:18 2026 | Hero переместился на (2, 1)
Fri May 15 21:56:20 2026 | Hero переместился на (3, 1)
Fri May 15 21:56:20 2026 | Hero переместился на (4, 1)
Fri May 15 21:56:28 2026 | Hero переместился на (4, 2)
Fri May 15 21:56:29 2026 | Hero переместился на (5, 2)
Fri May 15 21:56:29 2026 | Hero переместился на (6, 2)
Fri May 15 21:56:29 2026 | Hero переместился на (7, 2)
Fri May 15 21:56:29 2026 | Hero переместился на (8, 2)
Fri May 15 21:56:30 2026 | Hero переместился на (9, 2)
Fri May 15 21:56:30 2026 | Hero переместился на (10, 2)
Fri May 15 21:56:32 2026 | Подобран предмет: Зелье здоровья
Fri May 15 21:56:32 2026 | Предмет поднят с (10, 2)
Fri May 15 21:56:44 2026 | Hero переместился на (9, 2)
Fri May 15 21:56:44 2026 | Hero переместился на (8, 2)
Fri May 15 21:56:45 2026 | Hero переместился на (8, 3)
Fri May 15 21:56:45 2026 | Hero переместился на (8, 4)
Fri May 15 21:56:46 2026 | Hero переместился на (7, 4)
Fri May 15 21:56:46 2026 | Hero переместился на (6, 4)
Fri May 15 21:56:47 2026 | Подобран предмет: Зелье здоровья
Fri May 15 21:56:47 2026 | Предмет поднят с (6, 4)
Fri May 15 21:56:52 2026 | Hero переместился на (6, 5)
Fri May 15 21:56:52 2026 | Hero переместился на (6, 6)
Fri May 15 21:56:53 2026 | Hero переместился на (6, 7)
Fri May 15 21:56:53 2026 | Hero переместился на (7, 7)
Fri May 15 21:56:53 2026 | Hero переместился на (8, 7)
Fri May 15 21:56:54 2026 | Hero переместился на (9, 7)
Fri May 15 21:57:21 2026 |  Roguelike Engine Started 
Fri May 15 21:57:21 2026 | Карта загружена: 11x10
Fri May 15 21:57:21 2026 | Игрок загружен: Hero
Fri May 15 21:57:21 2026 | Загружено шаблонов врагов: 2
Fri May 15 21:57:21 2026 | Загружено шаблонов предметов: 2
Fri May 15 21:57:21 2026 | Враг размещён: Goblin на (10, 1)
Fri May 15 21:57:21 2026 | Предмет размещён: Зелье здоровья на (10, 2)
Fri May 15 21:57:21 2026 | Предмет размещён: Меч на (6, 4)
Fri May 15 21:57:21 2026 | Враг размещён: Orc на (3, 5)
Fri May 15 21:57:21 2026 | Расставлено врагов: 2, предметов: 2
Fri May 15 21:57:25 2026 | Путь заблокирован
Fri May 15 21:57:25 2026 | Hero переместился на (2, 1)
Fri May 15 21:57:26 2026 | Hero переместился на (3, 1)
Fri May 15 21:57:26 2026 | Hero переместился на (4, 1)
Fri May 15 21:57:26 2026 | Hero переместился на (5, 1)
Fri May 15 21:57:26 2026 | Hero переместился на (5, 2)
Fri May 15 21:57:27 2026 | Hero переместился на (5, 3)
Fri May 15 21:57:27 2026 | Hero переместился на (5, 4)
Fri May 15 21:57:27 2026 | Hero переместился на (5, 5)
Fri May 15 21:57:27 2026 | Hero переместился на (6, 5)
Fri May 15 21:57:28 2026 | Hero переместился на (6, 4)
Fri May 15 21:57:28 2026 | Подобран предмет: Меч
Fri May 15 21:57:28 2026 | Предмет поднят с (6, 4)
Fri May 15 21:57:31 2026 | Hero переместился на (6, 5)
Fri May 15 21:57:31 2026 | Hero переместился на (6, 6)
Fri May 15 21:57:31 2026 | Hero переместился на (6, 7)
Fri May 15 21:57:31 2026 | Hero переместился на (6, 8)
Fri May 15 21:57:31 2026 | Hero переместился на (7, 8)
Fri May 15 21:57:32 2026 | Hero переместился на (7, 7)
Fri May 15 21:57:32 2026 | Hero переместился на (8, 7)
Fri May 15 21:57:32 2026 | Hero переместился на (9, 7)
Fri May 15 21:58:18 2026 |  Roguelike Engine Started 
Fri May 15 21:58:18 2026 | Карта загружена: 11x10
Fri May 15 21:58:18 2026 | Игрок загружен: Hero
Fri May 15 21:58:18 2026 | Загружено шаблонов врагов: 2
Fri May 15 21:58:18 2026 | Загружено шаблонов предметов: 2
Fri May 15 21:58:18 2026 | Враг размещён: Goblin на (10, 1)
Fri May 15 21:58:18 2026 | Предмет размещён: Зелье здоровья на (10, 2)
Fri May 15 21:58:18 2026 | Предмет размещён: Меч на (6, 4)
Fri May 15 21:58:18 2026 | Враг размещён: Orc на (3, 5)
Fri May 15 21:58:18 2026 | Расставлено врагов: 2, предметов: 2
Fri May 15 21:58:19 2026 | Hero переместился на (2, 1)
Fri May 15 21:58:20 2026 | Hero переместился на (3, 1)
Fri May 15 21:58:20 2026 | Hero переместился на (4, 1)
Fri May 15 21:58:20 2026 | Hero переместился на (5, 1)
Fri May 15 21:58:20 2026 | Hero переместился на (6, 1)
Fri May 15 21:58:21 2026 | Hero переместился на (7, 1)
Fri May 15 21:58:21 2026 | Hero переместился на (8, 1)
Fri May 15 21:58:21 2026 | Hero переместился на (9, 1)
Fri May 15 21:58:22 2026 | Goblin получил 13 урона. HP: 17
Fri May 15 21:58:22 2026 | Hero атакует Goblin на 15 урона
Fri May 15 21:58:24 2026 | Goblin получил 13 урона. HP: 4
Fri May 15 21:58:24 2026 | Hero атакует Goblin на 15 урона
Fri May 15 21:58:24 2026 | Goblin получил 13 урона. HP: 0
Fri May 15 21:58:24 2026 | Hero атакует Goblin на 15 урона
Fri May 15 21:58:24 2026 | Goblin повержен!
Fri May 15 21:58:24 2026 | Враг удалён с (10, 1)
Fri May 15 21:58:25 2026 | Hero переместился на (10, 1)
Fri May 15 21:58:26 2026 | Hero переместился на (9, 1)
Fri May 15 21:58:26 2026 | Hero переместился на (9, 2)
Fri May 15 21:58:26 2026 | Hero переместился на (9, 3)
Fri May 15 21:58:28 2026 | Hero переместился на (9, 4)
Fri May 15 21:58:29 2026 | Hero переместился на (9, 3)
Fri May 15 21:58:30 2026 | Hero переместился на (8, 3)
Fri May 15 21:58:30 2026 | Hero переместился на (9, 3)
Fri May 15 21:58:31 2026 | Hero переместился на (10, 3)
Fri May 15 21:58:31 2026 | Путь заблокирован
Fri May 15 21:58:31 2026 | Путь заблокирован
Fri May 15 21:58:32 2026 | Путь заблокирован
Fri May 15 21:58:32 2026 | Hero переместился на (10, 4)
Fri May 15 21:58:32 2026 | Путь заблокирован
Fri May 15 21:58:33 2026 | Путь заблокирован
Fri May 15 21:58:33 2026 | Путь заблокирован
Fri May 15 21:58:33 2026 | Путь заблокирован
Fri May 15 21:58:34 2026 | Hero переместился на (10, 5)
Fri May 15 21:58:34 2026 | Путь заблокирован
Fri May 15 21:58:35 2026 | Hero переместился на (9, 5)
Fri May 15 21:58:35 2026 | Hero переместился на (8, 5)
Fri May 15 21:58:35 2026 | Hero переместился на (7, 5)
Fri May 15 21:58:35 2026 | Hero переместился на (6, 5)
Fri May 15 21:58:36 2026 | Hero переместился на (5, 5)
Fri May 15 21:58:36 2026 | Hero переместился на (4, 5)
Fri May 15 21:58:36 2026 | Orc получил 11 урона. HP: 39
Fri May 15 21:58:36 2026 | Hero атакует Orc на 15 урона
Fri May 15 21:58:37 2026 | Orc получил 11 урона. HP: 28
Fri May 15 21:58:37 2026 | Hero атакует Orc на 15 урона
Fri May 15 21:58:38 2026 | Hero переместился на (5, 5)
Fri May 15 21:58:39 2026 | Hero переместился на (4, 5)
Fri May 15 21:58:39 2026 | Hero переместился на (4, 6)
Fri May 15 21:58:40 2026 | Hero переместился на (3, 6)
Fri May 15 21:58:40 2026 | Orc получил 11 урона. HP: 17
Fri May 15 21:58:40 2026 | Hero атакует Orc на 15 урона
Fri May 15 21:58:41 2026 | Hero переместился на (2, 6)
Fri May 15 21:58:41 2026 | Hero переместился на (2, 5)
Fri May 15 21:58:42 2026 | Orc получил 11 урона. HP: 6
Fri May 15 21:58:42 2026 | Hero атакует Orc на 15 урона
Fri May 15 21:58:42 2026 | Hero переместился на (1, 5)
Fri May 15 21:58:43 2026 | Hero переместился на (2, 5)
Fri May 15 21:58:43 2026 | Orc получил 11 урона. HP: 0
Fri May 15 21:58:43 2026 | Hero атакует Orc на 15 урона
Fri May 15 21:58:43 2026 | Orc повержен!
Fri May 15 21:58:43 2026 | Враг удалён с (3, 5)
Fri May 15 21:58:44 2026 | Hero переместился на (2, 4)
Fri May 15 21:58:44 2026 | Hero переместился на (3, 4)
Fri May 15 21:58:44 2026 | Hero переместился на (4, 4)
Fri May 15 21:58:44 2026 | Hero переместился на (5, 4)
Fri May 15 21:58:45 2026 | Hero переместился на (6, 4)
Fri May 15 21:58:46 2026 | Подобран предмет: Меч
Fri May 15 21:58:46 2026 | Предмет поднят с (6, 4)
Fri May 15 21:58:52 2026 | Hero переместился на (6, 3)
Fri May 15 21:58:59 2026 | Использован Меч: атака +10
Fri May 15 21:59:07 2026 | Hero переместился на (7, 3)
Fri May 15 21:59:07 2026 | Hero переместился на (8, 3)
Fri May 15 21:59:08 2026 | Hero переместился на (8, 2)
Fri May 15 21:59:09 2026 | Hero переместился на (8, 3)
Fri May 15 21:59:09 2026 | Hero переместился на (7, 3)
Fri May 15 21:59:09 2026 | Hero переместился на (6, 3)
Fri May 15 21:59:10 2026 | Hero переместился на (6, 4)
Fri May 15 21:59:10 2026 | Hero переместился на (6, 5)
Fri May 15 21:59:10 2026 | Hero переместился на (6, 6)
Fri May 15 21:59:10 2026 | Hero переместился на (6, 7)
Fri May 15 21:59:10 2026 | Hero переместился на (6, 8)
Fri May 15 21:59:11 2026 | Hero переместился на (6, 7)
Fri May 15 21:59:11 2026 | Hero переместился на (7, 7)
Fri May 15 21:59:11 2026 | Hero переместился на (8, 7)
Fri May 15 21:59:12 2026 | Hero переместился на (9, 7)
Fri May 15 22:07:12 2026 |  Roguelike Engine Started 
Fri May 15 22:07:12 2026 | Карта загружена: 11x10
Fri May 15 22:07:12 2026 | Игрок загружен: Hero
Fri May 15 22:07:12 2026 | Загружено шаблонов врагов: 2
Fri May 15 22:07:12 2026 | Загружено шаблонов предметов: 2
Fri May 15 22:07:12 2026 | Враг размещён: Goblin на (10, 1)
Fri May 15 22:07:12 2026 | Предмет размещён: Зелье здоровья на (10, 2)
Fri May 15 22:07:12 2026 | Предмет размещён: Меч на (6, 4)
Fri May 15 22:07:12 2026 | Враг размещён: Orc на (3, 5)
Fri May 15 22:07:12 2026 | Расставлено врагов: 2, предметов: 2
Fri May 15 22:07:15 2026 | Hero переместился на (2, 1)
Fri May 15 22:07:20 2026 | Hero переместился на (3, 1)
Fri May 15 22:07:21 2026 | Hero переместился на (4, 1)
Fri May 15 22:07:21 2026 | Hero переместился на (5, 1)
Fri May 15 22:07:21 2026 | Hero переместился на (6, 1)
Fri May 15 22:07:22 2026 | Hero переместился на (6, 2)
Fri May 15 22:07:22 2026 | Hero переместился на (6, 3)
Fri May 15 22:07:22 2026 | Hero переместился на (6, 2)
Fri May 15 22:07:23 2026 | Hero переместился на (7, 2)
Fri May 15 22:07:23 2026 | Hero переместился на (8, 2)
Fri May 15 22:07:23 2026 | Hero переместился на (9, 2)
Fri May 15 22:07:24 2026 | Hero переместился на (10, 2)
Fri May 15 22:07:24 2026 | Подобран предмет: Зелье здоровья
Fri May 15 22:07:24 2026 | Предмет поднят с (10, 2)
Fri May 15 22:07:27 2026 | Hero переместился на (10, 3)
Fri May 15 22:07:28 2026 | Hero переместился на (10, 4)
Fri May 15 22:07:28 2026 | Hero переместился на (9, 4)
Fri May 15 22:07:29 2026 | Hero переместился на (8, 4)
Fri May 15 22:07:29 2026 | Hero переместился на (8, 5)
Fri May 15 22:07:29 2026 | Hero переместился на (7, 5)
Fri May 15 22:07:29 2026 | Hero переместился на (6, 5)
Fri May 15 22:07:30 2026 | Hero переместился на (5, 5)
Fri May 15 22:07:30 2026 | Hero переместился на (4, 5)
Fri May 15 22:07:31 2026 | Orc получил 11 урона. HP: 39
Fri May 15 22:07:31 2026 | Hero атакует Orc на 15 урона
Fri May 15 22:07:31 2026 | Hero получил 7 урона. HP: 93
Fri May 15 22:07:31 2026 | Orc атакует в ответ на 12 урона
Fri May 15 22:07:32 2026 | Hero переместился на (5, 5)
Fri May 15 22:07:33 2026 | Hero переместился на (4, 5)
Fri May 15 22:07:33 2026 | Hero переместился на (5, 5)
Fri May 15 22:07:34 2026 | Hero переместился на (4, 5)
Fri May 15 22:07:34 2026 | Orc получил 11 урона. HP: 28
Fri May 15 22:07:34 2026 | Hero атакует Orc на 15 урона
Fri May 15 22:07:34 2026 | Hero получил 7 урона. HP: 86
Fri May 15 22:07:34 2026 | Orc атакует в ответ на 12 урона
Fri May 15 22:07:35 2026 | Hero переместился на (5, 5)
Fri May 15 22:07:35 2026 | Hero переместился на (4, 5)
Fri May 15 22:07:36 2026 | Orc получил 11 урона. HP: 17
Fri May 15 22:07:36 2026 | Hero атакует Orc на 15 урона
Fri May 15 22:07:36 2026 | Hero получил 7 урона. HP: 79
Fri May 15 22:07:36 2026 | Orc атакует в ответ на 12 урона
Fri May 15 22:07:37 2026 | Hero переместился на (5, 5)
Fri May 15 22:07:37 2026 | Hero переместился на (4, 5)
Fri May 15 22:07:38 2026 | Orc получил 11 урона. HP: 6
Fri May 15 22:07:38 2026 | Hero атакует Orc на 15 урона
Fri May 15 22:07:38 2026 | Hero получил 7 урона. HP: 72
Fri May 15 22:07:38 2026 | Orc атакует в ответ на 12 урона
Fri May 15 22:07:39 2026 | Hero переместился на (5, 5)
Fri May 15 22:07:39 2026 | Hero переместился на (4, 5)
Fri May 15 22:07:40 2026 | Orc получил 11 урона. HP: 0
Fri May 15 22:07:40 2026 | Hero атакует Orc на 15 урона
Fri May 15 22:07:40 2026 | Orc повержен!
Fri May 15 22:07:40 2026 | Враг удалён с (3, 5)
Fri May 15 22:07:40 2026 | Hero переместился на (5, 5)
Fri May 15 22:07:41 2026 | Hero переместился на (5, 4)
Fri May 15 22:07:41 2026 | Hero переместился на (5, 3)
Fri May 15 22:07:42 2026 | Hero переместился на (5, 4)
Fri May 15 22:07:42 2026 | Hero переместился на (5, 5)
Fri May 15 22:07:46 2026 | Использовано Зелье здоровья: +25 HP
Fri May 15 22:07:49 2026 | Hero переместился на (5, 4)
Fri May 15 22:07:50 2026 | Hero переместился на (5, 3)
Fri May 15 22:07:51 2026 | Hero переместился на (5, 4)
Fri May 15 22:07:52 2026 | Hero переместился на (5, 3)
Fri May 15 22:08:10 2026 | Hero переместился на (6, 3)
Fri May 15 22:08:10 2026 | Hero переместился на (6, 2)
Fri May 15 22:08:11 2026 | Hero переместился на (6, 1)
Fri May 15 22:08:11 2026 | Hero переместился на (7, 1)
Fri May 15 22:08:11 2026 | Hero переместился на (8, 1)
Fri May 15 22:08:11 2026 | Hero переместился на (9, 1)
Fri May 15 22:08:12 2026 | Goblin получил 13 урона. HP: 17
Fri May 15 22:08:12 2026 | Hero атакует Goblin на 15 урона
Fri May 15 22:08:12 2026 | Hero получил 3 урона. HP: 94
Fri May 15 22:08:12 2026 | Goblin атакует в ответ на 8 урона
Fri May 15 22:08:12 2026 | Goblin получил 13 урона. HP: 4
Fri May 15 22:08:13 2026 | Hero атакует Goblin на 15 урона
Fri May 15 22:08:13 2026 | Hero получил 3 урона. HP: 91
Fri May 15 22:08:13 2026 | Goblin атакует в ответ на 8 урона
Fri May 15 22:08:13 2026 | Goblin получил 13 урона. HP: 0
Fri May 15 22:08:13 2026 | Hero атакует Goblin на 15 урона
Fri May 15 22:08:13 2026 | Goblin повержен!
Fri May 15 22:08:13 2026 | Враг удалён с (10, 1)
Fri May 15 22:08:14 2026 | Hero переместился на (8, 1)
Fri May 15 22:08:14 2026 | Hero переместился на (8, 2)
Fri May 15 22:08:15 2026 | Hero переместился на (8, 3)
Fri May 15 22:08:15 2026 | Hero переместился на (8, 4)
Fri May 15 22:08:15 2026 | Hero переместился на (8, 5)
Fri May 15 22:08:16 2026 | Hero переместился на (7, 5)
Fri May 15 22:08:16 2026 | Hero переместился на (7, 6)
Fri May 15 22:08:16 2026 | Hero переместился на (6, 6)
Fri May 15 22:08:17 2026 | Hero переместился на (5, 6)
Fri May 15 22:08:17 2026 | Hero переместился на (5, 7)
Fri May 15 22:08:17 2026 | Hero переместился на (4, 7)
Fri May 15 22:08:17 2026 | Hero переместился на (4, 6)
Fri May 15 22:08:17 2026 | Hero переместился на (4, 5)
Fri May 15 22:08:18 2026 | Hero переместился на (4, 4)
Fri May 15 22:08:18 2026 | Hero переместился на (4, 3)
Fri May 15 22:08:18 2026 | Hero переместился на (4, 2)
Fri May 15 22:08:18 2026 | Hero переместился на (4, 1)
Fri May 15 22:08:19 2026 | Hero переместился на (3, 1)
Fri May 15 22:08:19 2026 | Hero переместился на (2, 1)
Fri May 15 22:08:20 2026 | Hero переместился на (3, 1)
Fri May 15 22:08:20 2026 | Hero переместился на (2, 1)
Fri May 15 22:08:22 2026 | Hero переместился на (3, 1)
Fri May 15 22:08:22 2026 | Hero переместился на (3, 2)
Fri May 15 22:08:23 2026 | Hero переместился на (4, 2)
Fri May 15 22:08:23 2026 | Hero переместился на (3, 2)
Fri May 15 22:08:24 2026 | Hero переместился на (3, 3)
Fri May 15 22:08:24 2026 | Hero переместился на (3, 4)
Fri May 15 22:08:24 2026 | Hero переместился на (4, 4)
Fri May 15 22:08:25 2026 | Hero переместился на (5, 4)
Fri May 15 22:08:25 2026 | Hero переместился на (6, 4)
Fri May 15 22:08:39 2026 |  Roguelike Engine Started 
Fri May 15 22:08:39 2026 | Карта загружена: 11x10
Fri May 15 22:08:39 2026 | Игрок загружен: Hero
Fri May 15 22:08:39 2026 | Загружено шаблонов врагов: 2
Fri May 15 22:08:39 2026 | Загружено шаблонов предметов: 2
Fri May 15 22:08:39 2026 | Враг размещён: Goblin на (10, 1)
Fri May 15 22:08:39 2026 | Предмет размещён: Зелье здоровья на (10, 2)
Fri May 15 22:08:39 2026 | Предмет размещён: Меч на (6, 4)
Fri May 15 22:08:39 2026 | Враг размещён: Orc на (3, 5)
Fri May 15 22:08:39 2026 | Расставлено врагов: 2, предметов: 2
Fri May 15 22:08:40 2026 | Hero переместился на (2, 1)
Fri May 15 22:08:41 2026 | Hero переместился на (3, 1)
Fri May 15 22:08:41 2026 | Hero переместился на (4, 1)
Fri May 15 22:08:42 2026 | Hero переместился на (5, 1)
Fri May 15 22:08:42 2026 | Hero переместился на (6, 1)
Fri May 15 22:08:42 2026 | Hero переместился на (6, 2)
Fri May 15 22:08:43 2026 | Hero переместился на (7, 2)
Fri May 15 22:08:43 2026 | Hero переместился на (7, 1)
Fri May 15 22:08:43 2026 | Hero переместился на (8, 1)
Fri May 15 22:08:43 2026 | Hero переместился на (9, 1)
Fri May 15 22:08:44 2026 | Goblin получил 13 урона. HP: 17
Fri May 15 22:08:44 2026 | Hero атакует Goblin на 15 урона
Fri May 15 22:08:44 2026 | Hero получил 3 урона. HP: 97
Fri May 15 22:08:44 2026 | Goblin атакует в ответ на 8 урона
Fri May 15 22:08:44 2026 | Goblin получил 13 урона. HP: 4
Fri May 15 22:08:44 2026 | Hero атакует Goblin на 15 урона
Fri May 15 22:08:44 2026 | Hero получил 3 урона. HP: 94
Fri May 15 22:08:44 2026 | Goblin атакует в ответ на 8 урона
Fri May 15 22:08:44 2026 | Goblin получил 13 урона. HP: 0
Fri May 15 22:08:44 2026 | Hero атакует Goblin на 15 урона
Fri May 15 22:08:44 2026 | Goblin повержен!
Fri May 15 22:08:44 2026 | Враг удалён с (10, 1)
Fri May 15 22:08:44 2026 | Hero переместился на (10, 1)
Fri May 15 22:08:45 2026 | Путь заблокирован
Fri May 15 22:08:45 2026 | Hero переместился на (9, 1)
Fri May 15 22:08:46 2026 | Hero переместился на (9, 2)
Fri May 15 22:08:46 2026 | Hero переместился на (9, 3)
Fri May 15 22:08:46 2026 | Hero переместился на (8, 3)
Fri May 15 22:08:46 2026 | Hero переместился на (8, 4)
Fri May 15 22:08:47 2026 | Hero переместился на (8, 5)
Fri May 15 22:08:47 2026 | Hero переместился на (7, 5)
Fri May 15 22:08:47 2026 | Hero переместился на (7, 6)
Fri May 15 22:08:47 2026 | Hero переместился на (7, 5)
Fri May 15 22:08:48 2026 | Hero переместился на (6, 5)
Fri May 15 22:08:48 2026 | Hero переместился на (5, 5)
Fri May 15 22:08:48 2026 | Hero переместился на (4, 5)
Fri May 15 22:08:49 2026 | Orc получил 11 урона. HP: 39
Fri May 15 22:08:49 2026 | Hero атакует Orc на 15 урона
Fri May 15 22:08:49 2026 | Hero получил 7 урона. HP: 87
Fri May 15 22:08:49 2026 | Orc атакует в ответ на 12 урона
Fri May 15 22:08:49 2026 | Orc получил 11 урона. HP: 28
Fri May 15 22:08:49 2026 | Hero атакует Orc на 15 урона
Fri May 15 22:08:49 2026 | Hero получил 7 урона. HP: 80
Fri May 15 22:08:49 2026 | Orc атакует в ответ на 12 урона
Fri May 15 22:08:49 2026 | Orc получил 11 урона. HP: 17
Fri May 15 22:08:49 2026 | Hero атакует Orc на 15 урона
Fri May 15 22:08:49 2026 | Hero получил 7 урона. HP: 73
Fri May 15 22:08:49 2026 | Orc атакует в ответ на 12 урона
Fri May 15 22:08:49 2026 | Orc получил 11 урона. HP: 6
Fri May 15 22:08:49 2026 | Hero атакует Orc на 15 урона
Fri May 15 22:08:49 2026 | Hero получил 7 урона. HP: 66
Fri May 15 22:08:49 2026 | Orc атакует в ответ на 12 урона
Fri May 15 22:08:50 2026 | Orc получил 11 урона. HP: 0
Fri May 15 22:08:50 2026 | Hero атакует Orc на 15 урона
Fri May 15 22:08:50 2026 | Orc повержен!
Fri May 15 22:08:50 2026 | Враг удалён с (3, 5)
Fri May 15 22:08:50 2026 | Hero переместился на (3, 5)
Fri May 15 22:08:50 2026 | Hero переместился на (2, 5)
Fri May 15 22:08:51 2026 | Hero переместился на (3, 5)
Fri May 15 22:08:51 2026 | Hero переместился на (4, 5)
Fri May 15 22:08:51 2026 | Hero переместился на (5, 5)
Fri May 15 22:08:51 2026 | Hero переместился на (6, 5)
Fri May 15 22:08:52 2026 | Hero переместился на (7, 5)
Fri May 15 22:08:52 2026 | Hero переместился на (7, 4)
Fri May 15 22:08:52 2026 | Hero переместился на (7, 3)
Fri May 15 22:08:52 2026 | Hero переместился на (7, 4)
Fri May 15 22:08:53 2026 | Hero переместился на (6, 4)
Fri May 15 22:08:53 2026 | Подобран предмет: Меч
Fri May 15 22:08:53 2026 | Предмет поднят с (6, 4)
Fri May 15 22:08:55 2026 | Hero переместился на (6, 3)
Fri May 15 22:08:55 2026 | Hero переместился на (6, 2)
Fri May 15 22:08:56 2026 | Hero переместился на (7, 2)
Fri May 15 22:08:56 2026 | Hero переместился на (7, 1)
Fri May 15 22:08:59 2026 | Использован Меч: атака +10
Fri May 15 22:09:01 2026 | Hero переместился на (7, 2)
Fri May 15 22:09:02 2026 | Hero переместился на (6, 2)
Fri May 15 22:09:02 2026 | Hero переместился на (6, 3)
Fri May 15 22:09:02 2026 | Hero переместился на (5, 3)
Fri May 15 22:09:02 2026 | Hero переместился на (5, 4)
Fri May 15 22:09:02 2026 | Hero переместился на (4, 4)
Fri May 15 22:09:02 2026 | Hero переместился на (4, 5)
Fri May 15 22:09:03 2026 | Hero переместился на (3, 5)
Fri May 15 22:09:03 2026 | Hero переместился на (3, 6)
Fri May 15 22:09:03 2026 | Hero переместился на (3, 5)
Fri May 15 22:09:03 2026 | Hero переместился на (4, 5)
Fri May 15 22:09:04 2026 | Hero переместился на (5, 5)
Fri May 15 22:09:04 2026 | Hero переместился на (5, 4)
Fri May 15 22:09:04 2026 | Hero переместился на (6, 4)
Fri May 15 22:09:05 2026 | Hero переместился на (6, 3)
Fri May 15 22:09:05 2026 | Hero переместился на (7, 3)
Fri May 15 22:09:06 2026 |  Roguelike Engine Stopped 
Fri May 15 22:18:27 2026 |  Roguelike Engine Started 
Fri May 15 22:18:27 2026 | Карта загружена: 15x10
Fri May 15 22:18:27 2026 | Игрок загружен: Hero
Fri May 15 22:18:27 2026 | Загружено шаблонов врагов: 2
Fri May 15 22:18:27 2026 | Загружено шаблонов предметов: 2
Fri May 15 22:18:27 2026 | Враг размещён: Goblin на (10, 1)
Fri May 15 22:18:27 2026 | Предмет размещён: Зелье здоровья на (10, 2)
Fri May 15 22:18:27 2026 | Предмет размещён: Меч на (6, 4)
Fri May 15 22:18:27 2026 | Враг размещён: Orc на (3, 5)
Fri May 15 22:19:08 2026 |  Roguelike Engine Started 
Fri May 15 22:19:08 2026 | Карта загружена: 15x10
Fri May 15 22:19:08 2026 | Игрок загружен: Hero
Fri May 15 22:19:08 2026 | Загружено шаблонов врагов: 2
Fri May 15 22:19:08 2026 | Загружено шаблонов предметов: 2
Fri May 15 22:19:08 2026 | Враг размещён: Goblin на (10, 1)
Fri May 15 22:19:08 2026 | Предмет размещён: Зелье здоровья на (10, 2)
Fri May 15 22:19:08 2026 | Предмет размещён: Меч на (6, 4)
Fri May 15 22:19:08 2026 | Враг размещён: Orc на (3, 5)
Fri May 15 22:22:19 2026 |  Roguelike Engine Started 
Fri May 15 22:22:19 2026 | Карта загружена: 15x10
Fri May 15 22:22:19 2026 | Игрок загружен: Hero
Fri May 15 22:22:19 2026 | Загружено шаблонов врагов: 2
Fri May 15 22:22:19 2026 | Загружено шаблонов предметов: 2
Fri May 15 22:22:19 2026 | Враг размещён: Goblin на (10, 1)
Fri May 15 22:22:19 2026 | Предмет размещён: Зелье здоровья на (10, 2)
Fri May 15 22:22:19 2026 | Предмет размещён: Меч на (6, 4)
Fri May 15 22:22:19 2026 | Враг размещён: Orc на (3, 5)
Fri May 15 22:23:42 2026 |  Roguelike Engine Started 
Fri May 15 22:23:42 2026 | Карта загружена: 15x10
Fri May 15 22:23:42 2026 | Игрок загружен: Hero
Fri May 15 22:23:42 2026 | Загружено шаблонов врагов: 2
Fri May 15 22:23:42 2026 | Загружено шаблонов предметов: 2
Fri May 15 22:23:42 2026 | Враг размещён: Goblin на (10, 1)
Fri May 15 22:23:42 2026 | Предмет размещён: Зелье здоровья на (10, 2)
Fri May 15 22:23:42 2026 | Предмет размещён: Меч на (6, 4)
Fri May 15 22:23:42 2026 | Враг размещён: Orc на (3, 5)
Fri May 15 22:24:56 2026 |  Roguelike Engine Started 
Fri May 15 22:24:56 2026 | Карта загружена: 15x10
Fri May 15 22:24:56 2026 | Игрок загружен: Hero
Fri May 15 22:24:56 2026 | Загружено шаблонов врагов: 2
Fri May 15 22:24:56 2026 | Загружено шаблонов предметов: 2
Fri May 15 22:24:56 2026 | Враг размещён: Goblin на (10, 1)
Fri May 15 22:24:56 2026 | Предмет размещён: Зелье здоровья на (10, 2)
Fri May 15 22:24:56 2026 | Предмет размещён: Меч на (6, 4)
Fri May 15 22:24:56 2026 | Враг размещён: Orc на (3, 5)
Fri May 15 22:25:26 2026 |  Roguelike Engine Started 
Fri May 15 22:25:26 2026 | Карта загружена: 15x10
Fri May 15 22:25:26 2026 | Игрок загружен: Hero
Fri May 15 22:25:26 2026 | Загружено шаблонов врагов: 2
Fri May 15 22:25:26 2026 | Загружено шаблонов предметов: 2
Fri May 15 22:25:26 2026 | Враг размещён: Goblin на (10, 1)
Fri May 15 22:25:26 2026 | Предмет размещён: Зелье здоровья на (10, 2)
Fri May 15 22:25:26 2026 | Предмет размещён: Меч на (6, 4)
Fri May 15 22:25:26 2026 | Враг размещён: Orc на (3, 5)
Fri May 15 22:27:31 2026 |  Roguelike Engine Started 
Fri May 15 22:27:31 2026 | Карта загружена: 15x10
Fri May 15 22:27:31 2026 | Игрок загружен: Hero
Fri May 15 22:27:31 2026 | Загружено шаблонов врагов: 2
Fri May 15 22:27:31 2026 | Загружено шаблонов предметов: 2
Fri May 15 22:27:31 2026 | Враг размещён: Goblin на (10, 1)
Fri May 15 22:27:31 2026 | Предмет размещён: Зелье здоровья на (10, 2)
Fri May 15 22:27:31 2026 | Предмет размещён: Меч на (6, 4)
Fri May 15 22:27:31 2026 | Враг размещён: Orc на (3, 5)
Fri May 15 22:30:55 2026 |  Roguelike Engine Started 
Fri May 15 22:30:55 2026 | Карта загружена: 15x10
Fri May 15 22:30:55 2026 | Игрок загружен: Hero
Fri May 15 22:30:56 2026 | Загружено шаблонов врагов: 2
Fri May 15 22:30:56 2026 | Загружено шаблонов предметов: 2
Fri May 15 22:30:56 2026 | Расставлено врагов: 2, предметов: 2
Fri May 15 22:31:03 2026 | Путь заблокирован
Fri May 15 22:31:04 2026 | Hero переместился на (2, 1)
Fri May 15 22:31:04 2026 | Hero переместился на (3, 1)
Fri May 15 22:31:04 2026 | Hero переместился на (4, 1)
Fri May 15 22:31:04 2026 | Hero переместился на (5, 1)
Fri May 15 22:31:05 2026 | Hero переместился на (6, 1)
Fri May 15 22:31:05 2026 | Hero переместился на (7, 1)
Fri May 15 22:31:05 2026 | Hero переместился на (8, 1)
Fri May 15 22:31:05 2026 | Hero переместился на (9, 1)
Fri May 15 22:31:06 2026 | Goblin получил 13 урона. HP: 17
Fri May 15 22:31:06 2026 | Hero атакует Goblin на 15 урона
Fri May 15 22:31:06 2026 | Hero получил 3 урона. HP: 97
Fri May 15 22:31:06 2026 | Goblin атакует в ответ на 8 урона
Fri May 15 22:31:06 2026 | Goblin получил 13 урона. HP: 4
Fri May 15 22:31:06 2026 | Hero атакует Goblin на 15 урона
Fri May 15 22:31:06 2026 | Hero получил 3 урона. HP: 94
Fri May 15 22:31:06 2026 | Goblin атакует в ответ на 8 урона
Fri May 15 22:31:07 2026 | Goblin получил 13 урона. HP: 0
Fri May 15 22:31:07 2026 | Hero атакует Goblin на 15 урона
Fri May 15 22:31:07 2026 | Goblin повержен!
Fri May 15 22:31:07 2026 | Враг удалён с (10, 1)
Fri May 15 22:31:07 2026 | Hero переместился на (10, 1)
Fri May 15 22:31:07 2026 | Hero переместился на (11, 1)
Fri May 15 22:31:08 2026 | Hero переместился на (12, 1)
Fri May 15 22:31:08 2026 | Hero переместился на (11, 1)
Fri May 15 22:31:08 2026 | Hero переместился на (11, 2)
Fri May 15 22:31:09 2026 | Hero переместился на (10, 2)
Fri May 15 22:31:14 2026 | Подобран предмет: Зелье здоровья
Fri May 15 22:31:14 2026 | Предмет поднят с (10, 2)
Fri May 15 22:31:16 2026 | Hero переместился на (9, 2)
Fri May 15 22:31:16 2026 | Hero переместился на (9, 3)
Fri May 15 22:31:17 2026 | Hero переместился на (9, 4)
Fri May 15 22:31:18 2026 | Hero переместился на (9, 5)
Fri May 15 22:31:19 2026 | Hero переместился на (8, 5)
Fri May 15 22:31:19 2026 | Hero переместился на (7, 5)
Fri May 15 22:31:19 2026 | Hero переместился на (6, 5)
Fri May 15 22:31:20 2026 | Hero переместился на (5, 5)
Fri May 15 22:31:20 2026 | Hero переместился на (4, 5)
Fri May 15 22:31:20 2026 | Orc получил 11 урона. HP: 39
Fri May 15 22:31:20 2026 | Hero атакует Orc на 15 урона
Fri May 15 22:31:20 2026 | Hero получил 7 урона. HP: 87
Fri May 15 22:31:20 2026 | Orc атакует в ответ на 12 урона
Fri May 15 22:31:21 2026 | Orc получил 11 урона. HP: 28
Fri May 15 22:31:21 2026 | Hero атакует Orc на 15 урона
Fri May 15 22:31:21 2026 | Hero получил 7 урона. HP: 80
Fri May 15 22:31:21 2026 | Orc атакует в ответ на 12 урона
Fri May 15 22:31:21 2026 | Orc получил 11 урона. HP: 17
Fri May 15 22:31:21 2026 | Hero атакует Orc на 15 урона
Fri May 15 22:31:21 2026 | Hero получил 7 урона. HP: 73
Fri May 15 22:31:21 2026 | Orc атакует в ответ на 12 урона
Fri May 15 22:31:22 2026 | Orc получил 11 урона. HP: 6
Fri May 15 22:31:22 2026 | Hero атакует Orc на 15 урона
Fri May 15 22:31:22 2026 | Hero получил 7 урона. HP: 66
Fri May 15 22:31:22 2026 | Orc атакует в ответ на 12 урона
Fri May 15 22:31:23 2026 | Hero переместился на (4, 6)
Fri May 15 22:31:23 2026 | Hero переместился на (3, 6)
Fri May 15 22:31:23 2026 | Orc получил 11 урона. HP: 0
Fri May 15 22:31:23 2026 | Hero атакует Orc на 15 урона
Fri May 15 22:31:23 2026 | Orc повержен!
Fri May 15 22:31:23 2026 | Враг удалён с (3, 5)
Fri May 15 22:31:24 2026 | Hero переместился на (3, 5)
Fri May 15 22:31:24 2026 | Hero переместился на (3, 6)
Fri May 15 22:31:25 2026 | Hero переместился на (3, 7)
Fri May 15 22:31:29 2026 | Hero переместился на (3, 6)
Fri May 15 22:31:29 2026 | Hero переместился на (3, 5)
Fri May 15 22:31:29 2026 | Hero переместился на (3, 4)
Fri May 15 22:31:29 2026 | Hero переместился на (3, 3)
Fri May 15 22:31:30 2026 | Hero переместился на (3, 2)
Fri May 15 22:31:30 2026 | Hero переместился на (3, 1)
Fri May 15 22:31:30 2026 | Hero переместился на (2, 1)
Fri May 15 22:31:35 2026 | Hero переместился на (3, 1)
Fri May 15 22:31:35 2026 | Hero переместился на (4, 1)
Fri May 15 22:31:35 2026 | Hero переместился на (5, 1)
Fri May 15 22:31:35 2026 | Hero переместился на (5, 2)
Fri May 15 22:31:35 2026 | Hero переместился на (5, 3)
Fri May 15 22:31:35 2026 | Hero переместился на (5, 4)
Fri May 15 22:31:36 2026 | Hero переместился на (6, 4)
Fri May 15 22:31:37 2026 | Подобран предмет: Зелье здоровья
Fri May 15 22:31:37 2026 | Предмет поднят с (6, 4)
Fri May 15 22:31:39 2026 | Hero переместился на (6, 5)
Fri May 15 22:31:39 2026 | Hero переместился на (6, 6)
Fri May 15 22:31:39 2026 | Hero переместился на (6, 7)
Fri May 15 22:31:39 2026 | Hero переместился на (6, 8)
Fri May 15 22:31:40 2026 | Hero переместился на (6, 7)
Fri May 15 22:31:41 2026 | Hero переместился на (7, 7)
Fri May 15 22:31:41 2026 | Hero переместился на (8, 7)
Fri May 15 22:31:42 2026 | Hero переместился на (9, 7)
Fri May 15 22:36:22 2026 |  Roguelike Engine Started 
Fri May 15 22:36:22 2026 | Карта загружена: 15x10
Fri May 15 22:36:22 2026 | Игрок загружен: Hero
Fri May 15 22:36:22 2026 | Загружено шаблонов врагов: 2
Fri May 15 22:36:22 2026 | Загружено шаблонов предметов: 2
Fri May 15 22:36:22 2026 | Расставлено врагов: 2, предметов: 2
Fri May 15 22:36:26 2026 | Путь заблокирован
Fri May 15 22:36:27 2026 | Hero переместился на (2, 1)
Fri May 15 22:36:27 2026 | Hero переместился на (3, 1)
Fri May 15 22:36:27 2026 | Hero переместился на (4, 1)
Fri May 15 22:36:27 2026 | Hero переместился на (5, 1)
Fri May 15 22:36:28 2026 | Hero переместился на (6, 1)
Fri May 15 22:36:28 2026 | Hero переместился на (6, 2)
Fri May 15 22:36:28 2026 | Hero переместился на (7, 2)
Fri May 15 22:36:28 2026 | Hero переместился на (8, 2)
Fri May 15 22:36:29 2026 | Hero переместился на (9, 2)
Fri May 15 22:36:29 2026 | Hero переместился на (10, 2)
Fri May 15 22:36:30 2026 | Подобран предмет: Зелье здоровья
Fri May 15 22:36:30 2026 | Предмет поднят с (10, 2)
Fri May 15 22:36:33 2026 | Hero переместился на (10, 3)
Fri May 15 22:36:33 2026 | Hero переместился на (10, 4)
Fri May 15 22:36:34 2026 | Hero переместился на (10, 5)
Fri May 15 22:36:34 2026 | Hero переместился на (9, 5)
Fri May 15 22:36:34 2026 | Hero переместился на (9, 4)
Fri May 15 22:36:34 2026 | Hero переместился на (8, 4)
Fri May 15 22:36:35 2026 | Hero переместился на (7, 4)
Fri May 15 22:36:35 2026 | Hero переместился на (6, 4)
Fri May 15 22:36:35 2026 | Подобран предмет: Меч
Fri May 15 22:36:35 2026 | Предмет поднят с (6, 4)
Fri May 15 22:36:36 2026 | Hero переместился на (6, 5)
Fri May 15 22:36:37 2026 | Hero переместился на (6, 6)
Fri May 15 22:36:37 2026 | Hero переместился на (6, 7)
Fri May 15 22:36:38 2026 | Hero переместился на (7, 7)
Fri May 15 22:36:38 2026 | Hero переместился на (8, 7)
Fri May 15 22:36:38 2026 | Hero переместился на (9, 7)
Fri May 15 22:36:40 2026 | Hero переместился на (8, 7)
Fri May 15 22:36:41 2026 | Hero переместился на (8, 6)
Fri May 15 22:36:41 2026 | Hero переместился на (8, 5)
Fri May 15 22:36:41 2026 | Hero переместился на (7, 5)
Fri May 15 22:36:42 2026 | Hero переместился на (7, 6)
Fri May 15 22:36:42 2026 | Hero переместился на (6, 6)
Fri May 15 22:36:42 2026 | Hero переместился на (6, 5)
Fri May 15 22:36:42 2026 | Hero переместился на (5, 5)
Fri May 15 22:36:43 2026 | Hero переместился на (5, 6)
Fri May 15 22:36:43 2026 | Hero переместился на (4, 6)
Fri May 15 22:36:43 2026 | Hero переместился на (4, 5)
Fri May 15 22:36:44 2026 | Orc получил 11 урона. HP: 39
Fri May 15 22:36:44 2026 | Hero атакует Orc на 15 урона
Fri May 15 22:36:44 2026 | Hero получил 7 урона. HP: 93
Fri May 15 22:36:44 2026 | Orc атакует в ответ на 12 урона
Fri May 15 22:36:44 2026 | Orc получил 11 урона. HP: 28
Fri May 15 22:36:44 2026 | Hero атакует Orc на 15 урона
Fri May 15 22:36:44 2026 | Hero получил 7 урона. HP: 86
Fri May 15 22:36:44 2026 | Orc атакует в ответ на 12 урона
Fri May 15 22:36:44 2026 | Hero переместился на (4, 4)
Fri May 15 22:36:45 2026 | Hero переместился на (3, 4)
Fri May 15 22:36:45 2026 | Orc получил 11 урона. HP: 17
Fri May 15 22:36:45 2026 | Hero атакует Orc на 15 урона
Fri May 15 22:36:45 2026 | Hero получил 7 урона. HP: 79
Fri May 15 22:36:45 2026 | Orc атакует в ответ на 12 урона
Fri May 15 22:36:46 2026 | Orc получил 11 урона. HP: 6
Fri May 15 22:36:46 2026 | Hero атакует Orc на 15 урона
Fri May 15 22:36:46 2026 | Hero получил 7 урона. HP: 72
Fri May 15 22:36:46 2026 | Orc атакует в ответ на 12 урона
Fri May 15 22:36:47 2026 | Orc получил 11 урона. HP: 0
Fri May 15 22:36:47 2026 | Hero атакует Orc на 15 урона
Fri May 15 22:36:47 2026 | Orc повержен!
Fri May 15 22:36:47 2026 | Враг удалён с (3, 5)
Fri May 15 22:36:47 2026 | Hero переместился на (3, 3)
Fri May 15 22:36:48 2026 | Hero переместился на (4, 3)
Fri May 15 22:36:49 2026 | Hero переместился на (4, 2)
Fri May 15 22:36:49 2026 | Hero переместился на (5, 2)
Fri May 15 22:36:49 2026 | Hero переместился на (6, 2)
Fri May 15 22:36:49 2026 | Hero переместился на (6, 1)
Fri May 15 22:36:50 2026 | Hero переместился на (7, 1)
Fri May 15 22:36:50 2026 | Hero переместился на (8, 1)
Fri May 15 22:36:50 2026 | Hero переместился на (9, 1)
Fri May 15 22:36:50 2026 | Goblin получил 13 урона. HP: 17
Fri May 15 22:36:50 2026 | Hero атакует Goblin на 15 урона
Fri May 15 22:36:50 2026 | Hero получил 3 урона. HP: 69
Fri May 15 22:36:50 2026 | Goblin атакует в ответ на 8 урона
Fri May 15 22:36:51 2026 | Goblin получил 13 урона. HP: 4
Fri May 15 22:36:51 2026 | Hero атакует Goblin на 15 урона
Fri May 15 22:36:51 2026 | Hero получил 3 урона. HP: 66
Fri May 15 22:36:51 2026 | Goblin атакует в ответ на 8 урона
Fri May 15 22:36:51 2026 | Goblin получил 13 урона. HP: 0
Fri May 15 22:36:51 2026 | Hero атакует Goblin на 15 урона
Fri May 15 22:36:51 2026 | Goblin повержен!
Fri May 15 22:36:51 2026 | Враг удалён с (10, 1)
Fri May 15 22:36:52 2026 | Hero переместился на (9, 2)
Fri May 15 22:36:52 2026 | Hero переместился на (8, 2)
Fri May 15 22:36:52 2026 | Hero переместился на (8, 3)
Fri May 15 22:36:53 2026 | Hero переместился на (8, 4)
Fri May 15 22:36:53 2026 | Hero переместился на (8, 5)
Fri May 15 22:36:53 2026 | Hero переместился на (8, 6)
Fri May 15 22:36:53 2026 | Hero переместился на (8, 7)
Fri May 15 22:36:54 2026 | Hero переместился на (8, 8)
Fri May 15 22:36:54 2026 | Hero переместился на (9, 8)
Fri May 15 22:36:55 2026 | Hero переместился на (10, 8)
Fri May 15 22:36:55 2026 | Hero переместился на (11, 8)
Fri May 15 22:36:56 2026 | Карта загружена: 15x10
Fri May 15 22:36:56 2026 | Загружено шаблонов врагов: 2
Fri May 15 22:36:56 2026 | Загружено шаблонов предметов: 2
Fri May 15 22:36:56 2026 | Расставлено врагов: 2, предметов: 2
Fri May 15 22:36:56 2026 | Игрок загружен: Hero
Fri May 15 22:37:01 2026 | Hero переместился на (2, 1)
Fri May 15 22:37:02 2026 | Hero переместился на (3, 1)
Fri May 15 22:37:02 2026 | Hero переместился на (2, 1)
Fri May 15 22:37:03 2026 | Hero переместился на (1, 1)
Fri May 15 22:37:03 2026 | Hero переместился на (1, 2)
Fri May 15 22:37:04 2026 | Hero переместился на (2, 2)
Fri May 15 22:37:08 2026 | Hero переместился на (3, 2)
Fri May 15 22:37:09 2026 | Hero переместился на (4, 2)
Fri May 15 22:37:09 2026 | Hero переместился на (5, 2)
Fri May 15 22:37:09 2026 | Hero переместился на (6, 2)
Fri May 15 22:37:10 2026 | Hero переместился на (6, 3)
Fri May 15 22:37:10 2026 | Orc получил 11 урона. HP: 39
Fri May 15 22:37:10 2026 | Hero атакует Orc на 15 урона
Fri May 15 22:37:10 2026 | Hero получил 7 урона. HP: 93
Fri May 15 22:37:10 2026 | Orc атакует в ответ на 12 урона
Fri May 15 22:37:10 2026 | Hero переместился на (7, 3)
Fri May 15 22:37:12 2026 | Hero переместился на (7, 2)
Fri May 15 22:37:12 2026 | Hero переместился на (7, 1)
Fri May 15 22:37:12 2026 | Hero переместился на (8, 1)
Fri May 15 22:37:12 2026 | Hero переместился на (9, 1)
Fri May 15 22:37:13 2026 | Goblin получил 13 урона. HP: 17
Fri May 15 22:37:13 2026 | Hero атакует Goblin на 15 урона
Fri May 15 22:37:13 2026 | Hero получил 3 урона. HP: 90
Fri May 15 22:37:13 2026 | Goblin атакует в ответ на 8 урона
Fri May 15 22:37:13 2026 | Goblin получил 13 урона. HP: 4
Fri May 15 22:37:13 2026 | Hero атакует Goblin на 15 урона
Fri May 15 22:37:13 2026 | Hero получил 3 урона. HP: 87
Fri May 15 22:37:13 2026 | Goblin атакует в ответ на 8 урона
Fri May 15 22:37:14 2026 | Goblin получил 13 урона. HP: 0
Fri May 15 22:37:14 2026 | Hero атакует Goblin на 15 урона
Fri May 15 22:37:14 2026 | Goblin повержен!
Fri May 15 22:37:14 2026 | Враг удалён с (10, 1)
Fri May 15 22:37:15 2026 | Hero переместился на (8, 1)
Fri May 15 22:37:15 2026 | Hero переместился на (8, 2)
Fri May 15 22:37:15 2026 | Hero переместился на (8, 3)
Fri May 15 22:37:16 2026 | Hero переместился на (9, 3)
Fri May 15 22:37:16 2026 | Hero переместился на (9, 2)
Fri May 15 22:37:16 2026 | Hero переместился на (10, 2)
Fri May 15 22:37:17 2026 | Подобран предмет: Зелье здоровья
Fri May 15 22:37:17 2026 | Предмет поднят с (10, 2)
Fri May 15 22:37:19 2026 | Hero переместился на (10, 3)
Fri May 15 22:37:19 2026 | Hero переместился на (9, 3)
Fri May 15 22:37:20 2026 | Hero переместился на (9, 4)
Fri May 15 22:37:20 2026 | Hero переместился на (9, 5)
Fri May 15 22:37:21 2026 | Hero переместился на (9, 4)
Fri May 15 22:37:21 2026 | Hero переместился на (8, 4)
Fri May 15 22:37:21 2026 | Hero переместился на (7, 4)
Fri May 15 22:37:22 2026 | Orc получил 11 урона. HP: 28
Fri May 15 22:37:22 2026 | Hero атакует Orc на 15 урона
Fri May 15 22:37:22 2026 | Hero получил 7 урона. HP: 80
Fri May 15 22:37:22 2026 | Orc атакует в ответ на 12 урона
Fri May 15 22:37:22 2026 | Orc получил 11 урона. HP: 17
Fri May 15 22:37:22 2026 | Hero атакует Orc на 15 урона
Fri May 15 22:37:22 2026 | Hero получил 7 урона. HP: 73
Fri May 15 22:37:22 2026 | Orc атакует в ответ на 12 урона
Fri May 15 22:37:22 2026 | Orc получил 11 урона. HP: 6
Fri May 15 22:37:22 2026 | Hero атакует Orc на 15 урона
Fri May 15 22:37:22 2026 | Hero получил 7 урона. HP: 66
Fri May 15 22:37:22 2026 | Orc атакует в ответ на 12 урона
Fri May 15 22:37:23 2026 | Orc получил 11 урона. HP: 0
Fri May 15 22:37:23 2026 | Hero атакует Orc на 15 урона
Fri May 15 22:37:23 2026 | Orc повержен!
Fri May 15 22:37:23 2026 | Враг удалён с (6, 4)
Fri May 15 22:37:23 2026 | Hero переместился на (7, 5)
Fri May 15 22:37:24 2026 | Hero переместился на (7, 6)
Fri May 15 22:37:24 2026 | Hero переместился на (7, 7)
Fri May 15 22:37:24 2026 | Hero переместился на (6, 7)
Fri May 15 22:37:24 2026 | Hero переместился на (5, 7)
Fri May 15 22:37:25 2026 | Hero переместился на (4, 7)
Fri May 15 22:37:25 2026 | Hero переместился на (3, 7)
Fri May 15 22:37:25 2026 | Hero переместился на (2, 7)
Fri May 15 22:37:26 2026 | Hero переместился на (1, 7)
Fri May 15 22:37:26 2026 | Hero переместился на (2, 7)
Fri May 15 22:37:27 2026 | Hero переместился на (3, 7)
Fri May 15 22:37:27 2026 | Hero переместился на (3, 6)
Fri May 15 22:37:27 2026 | Hero переместился на (4, 6)
Fri May 15 22:37:28 2026 | Hero переместился на (4, 7)
Fri May 15 22:37:28 2026 | Hero переместился на (5, 7)
Fri May 15 22:37:29 2026 | Hero переместился на (4, 7)
Fri May 15 22:37:29 2026 | Hero переместился на (3, 7)
Fri May 15 22:37:29 2026 | Hero переместился на (4, 7)
Fri May 15 22:37:30 2026 | Hero переместился на (3, 7)
Fri May 15 22:37:30 2026 | Hero переместился на (4, 7)
Fri May 15 22:37:31 2026 | Hero переместился на (3, 7)
Fri May 15 22:37:31 2026 | Hero переместился на (4, 7)
Fri May 15 22:37:32 2026 | Hero переместился на (3, 7)
Fri May 15 22:37:32 2026 | Hero переместился на (4, 7)
Fri May 15 22:37:33 2026 | Hero переместился на (3, 7)
Fri May 15 22:37:33 2026 | Hero переместился на (4, 7)
Fri May 15 22:37:33 2026 | Hero переместился на (5, 7)
Fri May 15 22:37:33 2026 | Hero переместился на (5, 6)
Fri May 15 22:37:34 2026 | Hero переместился на (6, 6)
Fri May 15 22:37:34 2026 | Hero переместился на (6, 7)
Fri May 15 22:37:34 2026 | Hero переместился на (6, 8)
Fri May 15 22:37:35 2026 | Hero переместился на (7, 8)
Fri May 15 22:37:35 2026 | Hero переместился на (8, 8)
Fri May 15 22:37:35 2026 | Hero переместился на (9, 8)
Fri May 15 22:37:35 2026 | Hero переместился на (10, 8)
Fri May 15 22:37:35 2026 | Hero переместился на (11, 8)
Fri May 15 22:37:39 2026 |  Roguelike Engine Stopped 
